<html>
<body>
<pre>
<h1>µVision Build Log</h1>
<h2>Tool Versions:</h2>
IDE-Version: µVision V5.33.0.0
Copyright (C) 2020 ARM Ltd and ARM Germany GmbH. All rights reserved.
License Information: Harry Huynh, Harry-Huynh, LIC=----
 
Tool Versions:
Toolchain:       MDK-Lite  Version: 5.33.0.0
Toolchain Path:  C:\Keil_v5\ARM\ARMCC\Bin
C Compiler:      Armcc.exe V5.06 update 7 (build 960)
Assembler:       Armasm.exe V5.06 update 7 (build 960)
Linker/Locator:  ArmLink.exe V5.06 update 7 (build 960)
Library Manager: ArmAr.exe V5.06 update 7 (build 960)
Hex Converter:   FromElf.exe V5.06 update 7 (build 960)
CPU DLL:         SARMCM3.DLL V5.33.0.0
Dialog DLL:      DCM.DLL V1.17.3.0
Target DLL:      STLink\ST-LINKIII-KEIL_SWO.dll V3.0.8.0
Dialog DLL:      TCM.DLL V1.48.0.0
 
<h2>Project:</h2>
C:\Users\hoahu\OneDrive\Documents\GitHub\STM32\Source Code\Sensor_Things\MDK-ARM\Sensor_Things.uvprojx
Project File Date:  04/04/2021

<h2>Output:</h2>
*** Using Compiler 'V5.06 update 7 (build 960)', folder: 'C:\Keil_v5\ARM\ARMCC\Bin'
Rebuild target 'Sensor_Things'
assembling startup_stm32f429xx.s...
compiling stm32f4xx_hal_msp.c...
compiling stm32f4xx_hal_adc.c...
compiling stm32f4xx_hal_adc_ex.c...
compiling stm32f4xx_it.c...
../Core/Src/stm32f4xx_it.c(211): warning:  #188-D: enumerated type mixed with another type
  			HAL_GPIO_WritePin(GPIOB, GPIO_PIN_0, 1);
../Core/Src/stm32f4xx_it.c(212): warning:  #188-D: enumerated type mixed with another type
  			HAL_GPIO_WritePin(GPIOB, GPIO_PIN_7, 1);	
../Core/Src/stm32f4xx_it.c(213): warning:  #188-D: enumerated type mixed with another type
  			HAL_GPIO_WritePin(GPIOB, GPIO_PIN_14, 1);
../Core/Src/stm32f4xx_it.c: 3 warnings, 0 errors
compiling stm32f4xx_hal_rcc.c...
compiling main.c...
../Core/Src/main.c(166): warning:  #188-D: enumerated type mixed with another type
  			HAL_GPIO_WritePin(GPIOB, GPIO_PIN_0, 0);
../Core/Src/main.c(167): warning:  #188-D: enumerated type mixed with another type
  			HAL_GPIO_WritePin(GPIOB, GPIO_PIN_7, 0);	
../Core/Src/main.c(168): warning:  #188-D: enumerated type mixed with another type
  			HAL_GPIO_WritePin(GPIOB, GPIO_PIN_14, 0);				
../Core/Src/main.c(382): warning:  #188-D: enumerated type mixed with another type
  	HAL_GPIO_WritePin(GPIOD, RS, 0);
../Core/Src/main.c(387): warning:  #188-D: enumerated type mixed with another type
  	HAL_GPIO_WritePin(GPIOD, EN, 1);
../Core/Src/main.c(389): warning:  #188-D: enumerated type mixed with another type
  	HAL_GPIO_WritePin(GPIOD, DB7, 0);
../Core/Src/main.c(390): warning:  #188-D: enumerated type mixed with another type
  	HAL_GPIO_WritePin(GPIOD, DB6, 0);
../Core/Src/main.c(391): warning:  #188-D: enumerated type mixed with another type
  	HAL_GPIO_WritePin(GPIOD, DB5, 1);
../Core/Src/main.c(392): warning:  #188-D: enumerated type mixed with another type
  	HAL_GPIO_WritePin(GPIOD, DB4, 1);
../Core/Src/main.c(394): warning:  #188-D: enumerated type mixed with another type
  	HAL_GPIO_WritePin(GPIOD, EN, 0);
../Core/Src/main.c(397): warning:  #188-D: enumerated type mixed with another type
  	HAL_GPIO_WritePin(GPIOD, EN, 1);
../Core/Src/main.c(399): warning:  #188-D: enumerated type mixed with another type
  	HAL_GPIO_WritePin(GPIOD, DB7, 0);
../Core/Src/main.c(400): warning:  #188-D: enumerated type mixed with another type
  	HAL_GPIO_WritePin(GPIOD, DB6, 0);
../Core/Src/main.c(401): warning:  #188-D: enumerated type mixed with another type
  	HAL_GPIO_WritePin(GPIOD, DB5, 1);
../Core/Src/main.c(402): warning:  #188-D: enumerated type mixed with another type
  	HAL_GPIO_WritePin(GPIOD, DB4, 1);
../Core/Src/main.c(404): warning:  #188-D: enumerated type mixed with another type
  	HAL_GPIO_WritePin(GPIOD, EN, 0);
../Core/Src/main.c(407): warning:  #188-D: enumerated type mixed with another type
  	HAL_GPIO_WritePin(GPIOD, EN, 1);
../Core/Src/main.c(409): warning:  #188-D: enumerated type mixed with another type
  	HAL_GPIO_WritePin(GPIOD, DB7, 0);
../Core/Src/main.c(410): warning:  #188-D: enumerated type mixed with another type
  	HAL_GPIO_WritePin(GPIOD, DB6, 0);
../Core/Src/main.c(411): warning:  #188-D: enumerated type mixed with another type
  	HAL_GPIO_WritePin(GPIOD, DB5, 1);
../Core/Src/main.c(412): warning:  #188-D: enumerated type mixed with another type
  	HAL_GPIO_WritePin(GPIOD, DB4, 1);
../Core/Src/main.c(414): warning:  #188-D: enumerated type mixed with another type
  	HAL_GPIO_WritePin(GPIOD, EN, 0);
../Core/Src/main.c(417): warning:  #188-D: enumerated type mixed with another type
  	HAL_GPIO_WritePin(GPIOD, EN, 1);
../Core/Src/main.c(419): warning:  #188-D: enumerated type mixed with another type
  	HAL_GPIO_WritePin(GPIOD, DB7, 0);
../Core/Src/main.c(420): warning:  #188-D: enumerated type mixed with another type
  	HAL_GPIO_WritePin(GPIOD, DB6, 0);
../Core/Src/main.c(421): warning:  #188-D: enumerated type mixed with another type
  	HAL_GPIO_WritePin(GPIOD, DB5, 1);
../Core/Src/main.c(422): warning:  #188-D: enumerated type mixed with another type
  	HAL_GPIO_WritePin(GPIOD, DB4, 0);
../Core/Src/main.c(424): warning:  #188-D: enumerated type mixed with another type
  	HAL_GPIO_WritePin(GPIOD, EN, 0);
../Core/Src/main.c(427): warning:  #188-D: enumerated type mixed with another type
  	HAL_GPIO_WritePin(GPIOD, EN, 1);
../Core/Src/main.c(429): warning:  #188-D: enumerated type mixed with another type
  	HAL_GPIO_WritePin(GPIOD, DB7, 0);
../Core/Src/main.c(430): warning:  #188-D: enumerated type mixed with another type
  	HAL_GPIO_WritePin(GPIOD, DB6, 0);
../Core/Src/main.c(431): warning:  #188-D: enumerated type mixed with another type
  	HAL_GPIO_WritePin(GPIOD, DB5, 1);
../Core/Src/main.c(432): warning:  #188-D: enumerated type mixed with another type
  	HAL_GPIO_WritePin(GPIOD, DB4, 0);
../Core/Src/main.c(434): warning:  #188-D: enumerated type mixed with another type
  	HAL_GPIO_WritePin(GPIOD, EN, 0);
../Core/Src/main.c(437): warning:  #188-D: enumerated type mixed with another type
  	HAL_GPIO_WritePin(GPIOD, EN, 1);
../Core/Src/main.c(439): warning:  #188-D: enumerated type mixed with another type
  	HAL_GPIO_WritePin(GPIOD, DB7, 1);
../Core/Src/main.c(440): warning:  #188-D: enumerated type mixed with another type
  	HAL_GPIO_WritePin(GPIOD, DB6, 0);
../Core/Src/main.c(441): warning:  #188-D: enumerated type mixed with another type
  	HAL_GPIO_WritePin(GPIOD, DB5, 0);
../Core/Src/main.c(442): warning:  #188-D: enumerated type mixed with another type
  	HAL_GPIO_WritePin(GPIOD, DB4, 0);
../Core/Src/main.c(444): warning:  #188-D: enumerated type mixed with another type
  	HAL_GPIO_WritePin(GPIOD, EN, 0);
../Core/Src/main.c(447): warning:  #188-D: enumerated type mixed with another type
  	HAL_GPIO_WritePin(GPIOD, EN, 1);
../Core/Src/main.c(449): warning:  #188-D: enumerated type mixed with another type
  	HAL_GPIO_WritePin(GPIOD, DB7, 0);
../Core/Src/main.c(450): warning:  #188-D: enumerated type mixed with another type
  	HAL_GPIO_WritePin(GPIOD, DB6, 0);
../Core/Src/main.c(451): warning:  #188-D: enumerated type mixed with another type
  	HAL_GPIO_WritePin(GPIOD, DB5, 0);
../Core/Src/main.c(452): warning:  #188-D: enumerated type mixed with another type
  	HAL_GPIO_WritePin(GPIOD, DB4, 0);
../Core/Src/main.c(454): warning:  #188-D: enumerated type mixed with another type
  	HAL_GPIO_WritePin(GPIOD, EN, 0);
../Core/Src/main.c(457): warning:  #188-D: enumerated type mixed with another type
  	HAL_GPIO_WritePin(GPIOD, EN, 1);
../Core/Src/main.c(459): warning:  #188-D: enumerated type mixed with another type
  	HAL_GPIO_WritePin(GPIOD, DB7, 1);
../Core/Src/main.c(460): warning:  #188-D: enumerated type mixed with another type
  	HAL_GPIO_WritePin(GPIOD, DB6, 0);
../Core/Src/main.c(461): warning:  #188-D: enumerated type mixed with another type
  	HAL_GPIO_WritePin(GPIOD, DB5, 0);
../Core/Src/main.c(462): warning:  #188-D: enumerated type mixed with another type
  	HAL_GPIO_WritePin(GPIOD, DB4, 0);
../Core/Src/main.c(464): warning:  #188-D: enumerated type mixed with another type
  	HAL_GPIO_WritePin(GPIOD, EN, 0);
../Core/Src/main.c(467): warning:  #188-D: enumerated type mixed with another type
  	HAL_GPIO_WritePin(GPIOD, EN, 1);
../Core/Src/main.c(469): warning:  #188-D: enumerated type mixed with another type
  	HAL_GPIO_WritePin(GPIOD, DB7, 0);
../Core/Src/main.c(470): warning:  #188-D: enumerated type mixed with another type
  	HAL_GPIO_WritePin(GPIOD, DB6, 0);
../Core/Src/main.c(471): warning:  #188-D: enumerated type mixed with another type
  	HAL_GPIO_WritePin(GPIOD, DB5, 0);
../Core/Src/main.c(472): warning:  #188-D: enumerated type mixed with another type
  	HAL_GPIO_WritePin(GPIOD, DB4, 0);
../Core/Src/main.c(474): warning:  #188-D: enumerated type mixed with another type
  	HAL_GPIO_WritePin(GPIOD, EN, 0);
../Core/Src/main.c(477): warning:  #188-D: enumerated type mixed with another type
  	HAL_GPIO_WritePin(GPIOD, EN, 1);
../Core/Src/main.c(479): warning:  #188-D: enumerated type mixed with another type
  	HAL_GPIO_WritePin(GPIOD, DB7, 0);
../Core/Src/main.c(480): warning:  #188-D: enumerated type mixed with another type
  	HAL_GPIO_WritePin(GPIOD, DB6, 0);
../Core/Src/main.c(481): warning:  #188-D: enumerated type mixed with another type
  	HAL_GPIO_WritePin(GPIOD, DB5, 0);
../Core/Src/main.c(482): warning:  #188-D: enumerated type mixed with another type
  	HAL_GPIO_WritePin(GPIOD, DB4, 1);
../Core/Src/main.c(484): warning:  #188-D: enumerated type mixed with another type
  	HAL_GPIO_WritePin(GPIOD, EN, 0);
../Core/Src/main.c(487): warning:  #188-D: enumerated type mixed with another type
  	HAL_GPIO_WritePin(GPIOD, EN, 1);
../Core/Src/main.c(489): warning:  #188-D: enumerated type mixed with another type
  	HAL_GPIO_WritePin(GPIOD, DB7, 0);
../Core/Src/main.c(490): warning:  #188-D: enumerated type mixed with another type
  	HAL_GPIO_WritePin(GPIOD, DB6, 0);
../Core/Src/main.c(491): warning:  #188-D: enumerated type mixed with another type
  	HAL_GPIO_WritePin(GPIOD, DB5, 0);
../Core/Src/main.c(492): warning:  #188-D: enumerated type mixed with another type
  	HAL_GPIO_WritePin(GPIOD, DB4, 0);
../Core/Src/main.c(494): warning:  #188-D: enumerated type mixed with another type
  	HAL_GPIO_WritePin(GPIOD, EN, 0);
../Core/Src/main.c(497): warning:  #188-D: enumerated type mixed with another type
  	HAL_GPIO_WritePin(GPIOD, EN, 1);
../Core/Src/main.c(499): warning:  #188-D: enumerated type mixed with another type
  	HAL_GPIO_WritePin(GPIOD, DB7, 0);
../Core/Src/main.c(500): warning:  #188-D: enumerated type mixed with another type
  	HAL_GPIO_WritePin(GPIOD, DB6, 1);
../Core/Src/main.c(501): warning:  #188-D: enumerated type mixed with another type
  	HAL_GPIO_WritePin(GPIOD, DB5, 1);
../Core/Src/main.c(502): warning:  #188-D: enumerated type mixed with another type
  	HAL_GPIO_WritePin(GPIOD, DB4, 0);
../Core/Src/main.c(504): warning:  #188-D: enumerated type mixed with another type
  	HAL_GPIO_WritePin(GPIOD, EN, 0);
../Core/Src/main.c(507): warning:  #188-D: enumerated type mixed with another type
  	HAL_GPIO_WritePin(GPIOD, EN, 1);
../Core/Src/main.c(509): warning:  #188-D: enumerated type mixed with another type
  	HAL_GPIO_WritePin(GPIOD, DB7, 0);
../Core/Src/main.c(510): warning:  #188-D: enumerated type mixed with another type
  	HAL_GPIO_WritePin(GPIOD, DB6, 0);
../Core/Src/main.c(511): warning:  #188-D: enumerated type mixed with another type
  	HAL_GPIO_WritePin(GPIOD, DB5, 0);
../Core/Src/main.c(512): warning:  #188-D: enumerated type mixed with another type
  	HAL_GPIO_WritePin(GPIOD, DB4, 0);
../Core/Src/main.c(514): warning:  #188-D: enumerated type mixed with another type
  	HAL_GPIO_WritePin(GPIOD, EN, 0);
../Core/Src/main.c(517): warning:  #188-D: enumerated type mixed with another type
  	HAL_GPIO_WritePin(GPIOD, EN, 1);
../Core/Src/main.c(519): warning:  #188-D: enumerated type mixed with another type
  	HAL_GPIO_WritePin(GPIOD, DB7, 1);
../Core/Src/main.c(520): warning:  #188-D: enumerated type mixed with another type
  	HAL_GPIO_WritePin(GPIOD, DB6, 1);
../Core/Src/main.c(521): warning:  #188-D: enumerated type mixed with another type
  	HAL_GPIO_WritePin(GPIOD, DB5, 1);
../Core/Src/main.c(522): warning:  #188-D: enumerated type mixed with another type
  	HAL_GPIO_WritePin(GPIOD, DB4, 1);
../Core/Src/main.c(524): warning:  #188-D: enumerated type mixed with another type
  	HAL_GPIO_WritePin(GPIOD, EN, 0);
../Core/Src/main.c(527): warning:  #188-D: enumerated type mixed with another type
  	HAL_GPIO_WritePin(GPIOD, RS, 1);
../Core/Src/main.c(542): warning:  #188-D: enumerated type mixed with another type
  	HAL_GPIO_WritePin(GPIOD, RS, 0);
../Core/Src/main.c(544): warning:  #188-D: enumerated type mixed with another type
  		HAL_GPIO_WritePin(GPIOD, EN, 1);
../Core/Src/main.c(546): warning:  #188-D: enumerated type mixed with another type
  		HAL_GPIO_WritePin(GPIOD, DB7, 1);
../Core/Src/main.c(547): warning:  #188-D: enumerated type mixed with another type
  		HAL_GPIO_WritePin(GPIOD, DB6, 0);
../Core/Src/main.c(548): warning:  #188-D: enumerated type mixed with another type
  		HAL_GPIO_WritePin(GPIOD, DB5, 0);
../Core/Src/main.c(549): warning:  #188-D: enumerated type mixed with another type
  		HAL_GPIO_WritePin(GPIOD, DB4, 0);
../Core/Src/main.c(551): warning:  #188-D: enumerated type mixed with another type
  		HAL_GPIO_WritePin(GPIOD, EN, 0);
../Core/Src/main.c(554): warning:  #188-D: enumerated type mixed with another type
  		HAL_GPIO_WritePin(GPIOD, EN, 1);
../Core/Src/main.c(556): warning:  #188-D: enumerated type mixed with another type
  		HAL_GPIO_WritePin(GPIOD, DB7, 0);
../Core/Src/main.c(557): warning:  #188-D: enumerated type mixed with another type
  		HAL_GPIO_WritePin(GPIOD, DB6, 0);
../Core/Src/main.c(558): warning:  #188-D: enumerated type mixed with another type
  		HAL_GPIO_WritePin(GPIOD, DB5, 0);
../Core/Src/main.c(559): warning:  #188-D: enumerated type mixed with another type
  		HAL_GPIO_WritePin(GPIOD, DB4, 0);
../Core/Src/main.c(561): warning:  #188-D: enumerated type mixed with another type
  		HAL_GPIO_WritePin(GPIOD, EN, 0);
../Core/Src/main.c(565): warning:  #188-D: enumerated type mixed with another type
  		HAL_GPIO_WritePin(GPIOD, EN, 1);
../Core/Src/main.c(567): warning:  #188-D: enumerated type mixed with another type
  		HAL_GPIO_WritePin(GPIOD, DB7, 1);
../Core/Src/main.c(568): warning:  #188-D: enumerated type mixed with another type
  		HAL_GPIO_WritePin(GPIOD, DB6, 1);
../Core/Src/main.c(569): warning:  #188-D: enumerated type mixed with another type
  		HAL_GPIO_WritePin(GPIOD, DB5, 0);
../Core/Src/main.c(570): warning:  #188-D: enumerated type mixed with another type
  		HAL_GPIO_WritePin(GPIOD, DB4, 0);
../Core/Src/main.c(572): warning:  #188-D: enumerated type mixed with another type
  		HAL_GPIO_WritePin(GPIOD, EN, 0);
../Core/Src/main.c(575): warning:  #188-D: enumerated type mixed with another type
  		HAL_GPIO_WritePin(GPIOD, EN, 1);
../Core/Src/main.c(577): warning:  #188-D: enumerated type mixed with another type
  		HAL_GPIO_WritePin(GPIOD, DB7, 0);
../Core/Src/main.c(578): warning:  #188-D: enumerated type mixed with another type
  		HAL_GPIO_WritePin(GPIOD, DB6, 0);
../Core/Src/main.c(579): warning:  #188-D: enumerated type mixed with another type
  		HAL_GPIO_WritePin(GPIOD, DB5, 0);
../Core/Src/main.c(580): warning:  #188-D: enumerated type mixed with another type
  		HAL_GPIO_WritePin(GPIOD, DB4, 0);
../Core/Src/main.c(582): warning:  #188-D: enumerated type mixed with another type
  		HAL_GPIO_WritePin(GPIOD, EN, 0);
../Core/Src/main.c(585): warning:  #188-D: enumerated type mixed with another type
  	HAL_GPIO_WritePin(GPIOD, RS, 1);
../Core/Src/main.c(601): warning:  #188-D: enumerated type mixed with another type
  	HAL_GPIO_WritePin(GPIOD, RS, 1);
../Core/Src/main.c(603): warning:  #188-D: enumerated type mixed with another type
  	HAL_GPIO_WritePin(GPIOD, EN, 1);
../Core/Src/main.c(606): warning:  #188-D: enumerated type mixed with another type
  			HAL_GPIO_WritePin(GPIOD, DB7, 1);
../Core/Src/main.c(609): warning:  #188-D: enumerated type mixed with another type
  			HAL_GPIO_WritePin(GPIOD, DB7, 0);
../Core/Src/main.c(612): warning:  #188-D: enumerated type mixed with another type
  			HAL_GPIO_WritePin(GPIOD, DB6, 1);
../Core/Src/main.c(615): warning:  #188-D: enumerated type mixed with another type
  			HAL_GPIO_WritePin(GPIOD, DB6, 0);
../Core/Src/main.c(618): warning:  #188-D: enumerated type mixed with another type
  			HAL_GPIO_WritePin(GPIOD, DB5, 1);
../Core/Src/main.c(621): warning:  #188-D: enumerated type mixed with another type
  			HAL_GPIO_WritePin(GPIOD, DB5, 0);
../Core/Src/main.c(624): warning:  #188-D: enumerated type mixed with another type
  			HAL_GPIO_WritePin(GPIOD, DB4, 1);
../Core/Src/main.c(627): warning:  #188-D: enumerated type mixed with another type
  			HAL_GPIO_WritePin(GPIOD, DB4, 0);
../Core/Src/main.c(630): warning:  #188-D: enumerated type mixed with another type
  		HAL_GPIO_WritePin(GPIOD, EN, 0);
../Core/Src/main.c(633): warning:  #188-D: enumerated type mixed with another type
  		HAL_GPIO_WritePin(GPIOD, EN, 1);
../Core/Src/main.c(636): warning:  #188-D: enumerated type mixed with another type
  			HAL_GPIO_WritePin(GPIOD, DB7, 1);
../Core/Src/main.c(639): warning:  #188-D: enumerated type mixed with another type
  			HAL_GPIO_WritePin(GPIOD, DB7, 0);
../Core/Src/main.c(642): warning:  #188-D: enumerated type mixed with another type
  			HAL_GPIO_WritePin(GPIOD, DB6, 1);
../Core/Src/main.c(645): warning:  #188-D: enumerated type mixed with another type
  			HAL_GPIO_WritePin(GPIOD, DB6, 0);
../Core/Src/main.c(648): warning:  #188-D: enumerated type mixed with another type
  			HAL_GPIO_WritePin(GPIOD, DB5, 1);
../Core/Src/main.c(651): warning:  #188-D: enumerated type mixed with another type
  			HAL_GPIO_WritePin(GPIOD, DB5, 0);
../Core/Src/main.c(654): warning:  #188-D: enumerated type mixed with another type
  			HAL_GPIO_WritePin(GPIOD, DB4, 1);
../Core/Src/main.c(657): warning:  #188-D: enumerated type mixed with another type
  			HAL_GPIO_WritePin(GPIOD, DB4, 0);
../Core/Src/main.c(660): warning:  #188-D: enumerated type mixed with another type
  		HAL_GPIO_WritePin(GPIOD, EN, 0);
../Core/Src/main.c(663): warning:  #188-D: enumerated type mixed with another type
  	HAL_GPIO_WritePin(GPIOD, RS, 0);
../Core/Src/main.c(718): warning:  #188-D: enumerated type mixed with another type
  	HAL_GPIO_WritePin(GPIOD, RS, 0);
../Core/Src/main.c(720): warning:  #188-D: enumerated type mixed with another type
  	HAL_GPIO_WritePin(GPIOD, EN, 1);
../Core/Src/main.c(722): warning:  #188-D: enumerated type mixed with another type
  	HAL_GPIO_WritePin(GPIOD, DB7, 0);
../Core/Src/main.c(723): warning:  #188-D: enumerated type mixed with another type
  	HAL_GPIO_WritePin(GPIOD, DB6, 0);
../Core/Src/main.c(724): warning:  #188-D: enumerated type mixed with another type
  	HAL_GPIO_WritePin(GPIOD, DB5, 0);
../Core/Src/main.c(725): warning:  #188-D: enumerated type mixed with another type
  	HAL_GPIO_WritePin(GPIOD, DB4, 0);
../Core/Src/main.c(727): warning:  #188-D: enumerated type mixed with another type
  	HAL_GPIO_WritePin(GPIOD, EN, 0);
../Core/Src/main.c(730): warning:  #188-D: enumerated type mixed with another type
  	HAL_GPIO_WritePin(GPIOD, EN, 1);
../Core/Src/main.c(732): warning:  #188-D: enumerated type mixed with another type
  	HAL_GPIO_WritePin(GPIOD, DB7, 0);
../Core/Src/main.c(733): warning:  #188-D: enumerated type mixed with another type
  	HAL_GPIO_WritePin(GPIOD, DB6, 0);
../Core/Src/main.c(734): warning:  #188-D: enumerated type mixed with another type
  	HAL_GPIO_WritePin(GPIOD, DB5, 0);
../Core/Src/main.c(735): warning:  #188-D: enumerated type mixed with another type
  	HAL_GPIO_WritePin(GPIOD, DB4, 1);
../Core/Src/main.c(737): warning:  #188-D: enumerated type mixed with another type
  	HAL_GPIO_WritePin(GPIOD, EN, 0);
../Core/Src/main.c(739): warning:  #188-D: enumerated type mixed with another type
  	HAL_GPIO_WritePin(GPIOD, RS, 1);
../Core/Src/main.c: 151 warnings, 0 errors
compiling stm32f4xx_hal_rcc_ex.c...
compiling stm32f4xx_hal_flash.c...
compiling stm32f4xx_hal_flash_ramfunc.c...
compiling stm32f4xx_hal_gpio.c...
compiling stm32f4xx_hal_pwr.c...
compiling stm32f4xx_hal_flash_ex.c...
compiling stm32f4xx_hal_dma_ex.c...
compiling stm32f4xx_hal_dma.c...
compiling stm32f4xx_hal_pwr_ex.c...
compiling system_stm32f4xx.c...
compiling stm32f4xx_hal_tim_ex.c...
compiling stm32f4xx_hal_cortex.c...
compiling stm32f4xx_hal.c...
compiling stm32f4xx_hal_exti.c...
compiling stm32f4xx_hal_tim.c...
linking...
Program Size: Code=10960 RO-data=476 RW-data=40 ZI-data=1160  
FromELF: creating hex file...
"Sensor_Things\Sensor_Things.axf" - 0 Error(s), 154 Warning(s).

<h2>Software Packages used:</h2>

Package Vendor: ARM
                http://www.keil.com/pack/ARM.CMSIS.5.7.0.pack
                ARM.CMSIS.5.7.0
                CMSIS (Cortex Microcontroller Software Interface Standard)
   * Component: CORE Version: 5.4.0

Package Vendor: Keil
                http://www.keil.com/pack/Keil.STM32F4xx_DFP.2.15.0.pack
                Keil.STM32F4xx_DFP.2.15.0
                STMicroelectronics STM32F4 Series Device Support, Drivers and Examples

<h2>Collection of Component include folders:</h2>
  .\RTE\_Sensor_Things
  C:\Users\hoahu\AppData\Local\Arm\Packs\ARM\CMSIS\5.7.0\CMSIS\Core\Include
  C:\Users\hoahu\AppData\Local\Arm\Packs\Keil\STM32F4xx_DFP\2.15.0\Drivers\CMSIS\Device\ST\STM32F4xx\Include

<h2>Collection of Component Files used:</h2>

   * Component: ARM::CMSIS:CORE:5.4.0
      Include file:  CMSIS\Core\Include\tz_context.h
Build Time Elapsed:  00:00:41
</pre>
</body>
</html>
